// Jest Snapshot v1, https://goo.gl/fbAQLP

exports[`all imports get bundled with module into dist files 1`] = `
Object {
  "cjs": Array [
    "/fakePath/exportDefaultFunctionWithImports.js",
    "'use strict';

function _interopDefault (ex) { return (ex && (typeof ex === 'object') && 'default' in ex) ? ex['default'] : ex; }

var npmShortName = _interopDefault(require('@ianwalter/npm-short-name'));
var ky = _interopDefault(require('ky'));

var url = 'Hello World';

function greeting () {
  return ky.get(npmShortName(url))
}

module.exports = greeting;
",
  ],
  "esm": Array [
    "/fakePath/exportDefaultFunctionWithImports.m.js",
    "import npmShortName from '@ianwalter/npm-short-name';
import ky from 'ky';

var url = 'Hello World';

function greeting () {
  return ky.get(npmShortName(url))
}

export default greeting;
",
  ],
}
`;

exports[`export default function converted to module.exports 1`] = `
Object {
  "cjs": Array [
    "/fakePath/some-function.js",
    "'use strict';

function greeting () {
  return 'Hello World'
}

module.exports = greeting;
",
  ],
}
`;

exports[`export default literal converted to module.exports 1`] = `
Object {
  "browser": Array [
    "/fakePath/exportDefaultLiteral.browser.js",
    "var exportDefaultLiteral = 'Hello World';

export default exportDefaultLiteral;
",
  ],
  "cjs": Array [
    "/fakePath/exportDefaultLiteral.js",
    "'use strict';

var exportDefaultLiteral = 'Hello World';

module.exports = exportDefaultLiteral;
",
  ],
}
`;

exports[`export default new expression converted to module.exports 1`] = `
Object {
  "cjs": Array [
    "/fakePath/dist.js",
    "'use strict';

class SomeClass {}

var exportDefaultNewExpression = new SomeClass();

module.exports = exportDefaultNewExpression;
",
  ],
}
`;

exports[`hashbang is preserved 1`] = `
Object {
  "cjs": Array [
    "/fakePath/cli.js",
    "#!/usr/bin/env node
'use strict';

console.log('yo yo yo');
",
  ],
}
`;

exports[`specified import gets bundled with module into dist file 1`] = `
Object {
  "cjs": Array [
    "/fakePath/exportObjectWithImports.js",
    "'use strict';

Object.defineProperty(exports, '__esModule', { value: true });

function _interopDefault (ex) { return (ex && (typeof ex === 'object') && 'default' in ex) ? ex['default'] : ex; }

var npmShortName = _interopDefault(require('@ianwalter/npm-short-name'));
var pSettle = _interopDefault(require('p-settle'));

function greeting() {
  return 'Hello World';
}

exports.npmShortName = npmShortName;
exports.pSettle = pSettle;
exports.greeting = greeting;
",
  ],
}
`;
